[
  {
    "Summary": "test",
    "StartDate": "2025/09/27 14:48",
    "EndDate": "0000/00/00",
    "Location": "",
    "Description": ""
  },
  {
    "Summary": "test",
    "StartDate": "2025/09/27 14:53",
    "EndDate": "0000/00/00",
    "Location": "",
    "Description": ""
  },
  {
    "Summary": "test",
    "StartDate": "2025/09/27 14:54",
    "EndDate": "0000/00/00",
    "Location": "",
    "Description": ""
  },
  {
    "Summary": "Meeting with Bob",
    "StartDate": "2025/09/27 15:45",
    "EndDate": "2025/09/27 16:15",
    "Location": "Office",
    "Description": "Discuss project"
  },
  {
    "Summary": "Lunch",
    "StartDate": "2025/09/27 15:45",
    "EndDate": "2025/09/27 16:15",
    "Location": "Cafeteria",
    "Description": "Grab a bite"
  },
  {
    "Summary": "test",
    "StartDate": "2025/09/27 15:45",
    "EndDate": "0000/00/00",
    "Location": "",
    "Description": ""
  }
]